    Updating crates.io index
    Updating git repository `https://github.com/OpenZeppelin/stellar-contracts`
 Downloading crates ...
  Downloaded ark-ff-asm v0.4.2
  Downloaded arbitrary v1.3.2
  Downloaded ark-poly v0.4.2
  Downloaded ark-ff-macros v0.4.2
  Downloaded ark-ec v0.4.2
  Downloaded ahash v0.8.12
  Downloaded block-buffer v0.10.4
  Downloaded ark-serialize v0.4.2
  Downloaded signature v2.2.0
  Downloaded hex v0.4.3
  Downloaded sha2 v0.10.9
  Downloaded sec1 v0.7.3
  Downloaded escape-bytes v0.1.1
  Downloaded dtor v0.1.1
  Downloaded crate-git-revision v0.0.6
  Downloaded smallvec v1.15.0
  Downloaded ctor-proc-macro v0.0.6
  Downloaded equivalent v1.0.2
  Downloaded ark-serialize-derive v0.4.2
  Downloaded hex-literal v0.4.1
  Downloaded soroban-env-common v23.0.1
  Downloaded stable_deref_trait v1.2.1
  Downloaded macro-string v0.1.4
  Downloaded subtle v2.6.1
  Downloaded dtor-proc-macro v0.0.6
  Downloaded crypto-common v0.1.6
  Downloaded heck v0.5.0
  Downloaded derive_arbitrary v1.3.2
  Downloaded soroban-env-guest v23.0.1
  Downloaded zeroize_derive v1.4.2
  Downloaded soroban-spec-rust v23.5.2
  Downloaded visibility v0.1.1
  Downloaded darling_macro v0.20.11
  Downloaded bytes-lit v0.0.5
  Downloaded soroban-ledger-snapshot v23.5.2
  Downloaded rfc6979 v0.4.0
  Downloaded rand_chacha v0.3.1
  Downloaded dyn-clone v1.0.20
  Downloaded ident_case v1.0.1
  Downloaded powerfmt v0.2.0
  Downloaded curve25519-dalek-derive v0.1.1
  Downloaded itoa v1.0.15
  Downloaded cfg_eval v0.1.2
  Downloaded strsim v0.11.1
  Downloaded wasmi_arena v0.4.1
  Downloaded group v0.13.0
  Downloaded base16ct v0.2.0
  Downloaded autocfg v1.4.0
  Downloaded ark-std v0.4.0
  Downloaded indexmap-nostd v0.4.0
  Downloaded num-derive v0.4.2
  Downloaded keccak v0.1.5
  Downloaded hash32 v0.3.1
  Downloaded pkcs8 v0.10.2
  Downloaded paste v1.0.15
  Downloaded version_check v0.9.5
  Downloaded soroban-builtin-sdk-macros v23.0.1
  Downloaded soroban-spec v23.5.2
  Downloaded thiserror-impl v1.0.69
  Downloaded stellar-strkey v0.0.13
  Downloaded time-core v0.1.4
  Downloaded wasmi_core v0.13.0
  Downloaded digest v0.10.7
  Downloaded semver v1.0.26
  Downloaded hmac v0.12.1
  Downloaded rustc_version v0.4.1
  Downloaded ryu v1.0.20
  Downloaded time-macros v0.2.22
  Downloaded zeroize v1.8.1
  Downloaded stellar-strkey v0.0.16
  Downloaded unicode-ident v1.0.18
  Downloaded ethnum v1.5.1
  Downloaded spin v0.9.8
  Downloaded num-traits v0.2.19
  Downloaded quote v1.0.40
  Downloaded soroban-sdk-macros v23.5.2
  Downloaded serde_core v1.0.228
  Downloaded typenum v1.18.0
  Downloaded serde v1.0.228
  Downloaded serde_derive v1.0.228
  Downloaded k256 v0.13.4
  Downloaded num-bigint v0.4.6
  Downloaded hashbrown v0.15.3
  Downloaded serde_json v1.0.140
  Downloaded soroban-sdk v23.5.2
  Downloaded wasmparser-nostd v0.100.2
  Downloaded serde_with v3.12.0
  Downloaded wasmparser v0.116.1
  Downloaded time v0.3.41
  Downloaded zerocopy v0.8.25
  Downloaded syn v1.0.109
  Downloaded curve25519-dalek v4.1.3
  Downloaded syn v2.0.101
  Downloaded chrono v0.4.41
  Downloaded soroban-wasmi v0.31.1-soroban.20.0.1
  Downloaded libm v0.2.15
  Downloaded itertools v0.10.5
  Downloaded hashbrown v0.13.2
  Downloaded hashbrown v0.12.3
  Downloaded ark-bls12-381 v0.4.0
  Downloaded soroban-env-host v23.0.1
  Downloaded indexmap v2.9.0
  Downloaded ed25519-dalek v2.1.1
  Downloaded crypto-bigint v0.5.5
  Downloaded rand v0.8.5
  Downloaded prettyplease v0.2.32
  Downloaded memchr v2.7.4
  Downloaded const-oid v0.9.6
  Downloaded base64 v0.22.1
  Downloaded indexmap v1.9.3
  Downloaded heapless v0.8.0
  Downloaded der v0.7.10
  Downloaded darling_core v0.20.11
  Downloaded proc-macro2 v1.0.95
  Downloaded ark-ff v0.4.2
  Downloaded soroban-env-macros v23.0.1
  Downloaded libc v0.2.172
  Downloaded schemars v0.8.22
  Downloaded p256 v0.13.2
  Downloaded elliptic-curve v0.13.8
  Downloaded derivative v2.2.0
  Downloaded once_cell v1.21.3
  Downloaded getrandom v0.2.16
  Downloaded darling v0.20.11
  Downloaded sha3 v0.10.8
  Downloaded rand_core v0.6.4
  Downloaded ppv-lite86 v0.2.21
  Downloaded iana-time-zone v0.1.63
  Downloaded deranged v0.4.0
  Downloaded static_assertions v1.1.0
  Downloaded ecdsa v0.16.9
  Downloaded primeorder v0.13.6
  Downloaded thiserror v1.0.69
  Downloaded spki v0.7.3
  Downloaded serde_with_macros v3.12.0
  Downloaded either v1.15.0
  Downloaded ctor v0.5.0
  Downloaded byteorder v1.5.0
  Downloaded base64ct v1.7.3
  Downloaded num-integer v0.1.46
  Downloaded ff v0.13.1
  Downloaded ed25519 v2.2.3
  Downloaded data-encoding v2.9.0
  Downloaded downcast-rs v1.2.1
  Downloaded generic-array v0.14.7
  Downloaded fnv v1.0.7
  Downloaded cfg-if v1.0.0
  Downloaded num-conv v0.1.0
  Downloaded cpufeatures v0.2.17
  Downloaded stellar-xdr v23.0.0
   Compiling proc-macro2 v1.0.95
   Compiling unicode-ident v1.0.18
   Compiling serde_core v1.0.228
   Compiling serde v1.0.228
   Compiling serde_json v1.0.140
   Compiling ryu v1.0.20
   Compiling memchr v2.7.4
   Compiling itoa v1.0.15
   Compiling typenum v1.18.0
   Compiling quote v1.0.40
   Compiling syn v2.0.101
   Compiling version_check v0.9.5
   Compiling generic-array v0.14.7
   Compiling autocfg v1.4.0
   Compiling strsim v0.11.1
   Compiling fnv v1.0.7
   Compiling ident_case v1.0.1
   Compiling schemars v0.8.22
   Compiling dyn-clone v1.0.20
   Compiling cpufeatures v0.2.17
   Compiling data-encoding v2.9.0
   Compiling block-buffer v0.10.4
   Compiling crypto-common v0.1.6
   Compiling digest v0.10.7
   Compiling semver v1.0.26
   Compiling cfg-if v1.0.0
   Compiling escape-bytes v0.1.1
   Compiling sha2 v0.10.9
   Compiling ethnum v1.5.1
   Compiling num-traits v0.2.19
   Compiling either v1.15.0
   Compiling itertools v0.10.5
   Compiling hashbrown v0.15.3
   Compiling thiserror v1.0.69
   Compiling equivalent v1.0.2
   Compiling indexmap v2.9.0
   Compiling darling_core v0.20.11
   Compiling prettyplease v0.2.32
   Compiling wasmparser v0.116.1
   Compiling heapless v0.8.0
   Compiling byteorder v1.5.0
   Compiling base64 v0.22.1
   Compiling hash32 v0.3.1
   Compiling serde_derive v1.0.228
   Compiling cfg_eval v0.1.2
   Compiling num-derive v0.4.2
   Compiling darling_macro v0.20.11
   Compiling darling v0.20.11
   Compiling serde_with_macros v3.12.0
   Compiling thiserror-impl v1.0.69
   Compiling num-integer v0.1.46
   Compiling rustc_version v0.4.1
   Compiling static_assertions v1.1.0
   Compiling stable_deref_trait v1.2.1
   Compiling hex v0.4.3
   Compiling num-bigint v0.4.6
   Compiling macro-string v0.1.4
   Compiling heck v0.5.0
   Compiling visibility v0.1.1
   Compiling crate-git-revision v0.0.6
   Compiling stellar-strkey v0.0.13
   Compiling stellar-xdr v23.0.0
   Compiling soroban-env-common v23.0.1
   Compiling stellar-strkey v0.0.16
   Compiling serde_with v3.12.0
   Compiling soroban-sdk v23.5.2
   Compiling bytes-lit v0.0.5
   Compiling stellar-macros v0.6.0 (https://github.com/OpenZeppelin/stellar-contracts?tag=v0.6.0#82f97111)
   Compiling soroban-spec v23.5.2
   Compiling soroban-spec-rust v23.5.2
   Compiling soroban-env-macros v23.0.1
   Compiling soroban-env-guest v23.0.1
   Compiling soroban-sdk-macros v23.5.2
   Compiling common v0.0.1 (/home/runner/work/PayD/PayD/source/contracts/common)
   Compiling stellar-contract-utils v0.6.0 (https://github.com/OpenZeppelin/stellar-contracts?tag=v0.6.0#82f97111)
   Compiling stellar-access v0.6.0 (https://github.com/OpenZeppelin/stellar-contracts?tag=v0.6.0#82f97111)
   Compiling bulk_payment v0.0.1 (/home/runner/work/PayD/PayD/source/contracts/bulk_payment)
   Compiling vesting_escrow v0.0.1 (/home/runner/work/PayD/PayD/source/contracts/vesting_escrow)
   Compiling stellar-tokens v0.6.0 (https://github.com/OpenZeppelin/stellar-contracts?tag=v0.6.0#82f97111)
   Compiling revenue_split v0.0.1 (/home/runner/work/PayD/PayD/source/contracts/revenue_split)
warning: use of deprecated method `soroban_sdk::events::Events::publish`: use the #[contractevent] macro on a contract event type
   --> contracts/revenue_split/src/lib.rs:130:26
    |
130 |             env.events().publish((Symbol::new(&env, "distribute"), token.clone()), amount);
    |                          ^^^^^^^
    |
    = note: `#[warn(deprecated)]` on by default

warning: `revenue_split` (lib) generated 1 warning
   Compiling cross_asset_payment v0.0.1 (/home/runner/work/PayD/PayD/source/contracts/cross_asset_payment)
    Finished `release` profile [optimized] target(s) in 36.01s
