
> payd-backend@1.0.0 test
> jest --runInBand --runTestsByPath src/controllers/__tests__/contractEventController.test.ts --json --outputFile=/home/runner/work/PayD/PayD/acceptance/fixed.json

ts-jest[config] (WARN) [94mmessage[0m[90m TS151002: [0mUsing hybrid module kind (Node16/18/Next) is only supported in "isolatedModules: true". Please set "isolatedModules: true" in your tsconfig.json. To disable this message, you can set "diagnostics.ignoreCodes" to include 151002 in your ts-jest config. See more at https://kulshekhar.github.io/ts-jest/docs/getting-started/options/diagnostics
  console.error
    [ContractEventController] Error fetching indexer status: Error: Database error
        at Object.<anonymous> (/home/runner/work/PayD/PayD/source/backend/src/controllers/__tests__/contractEventController.test.ts:216:51)
        at Promise.finally.completed (/home/runner/work/PayD/PayD/source/backend/node_modules/jest-circus/build/jestAdapterInit.js:1557:28)
        at new Promise (<anonymous>)
        at callAsyncCircusFn (/home/runner/work/PayD/PayD/source/backend/node_modules/jest-circus/build/jestAdapterInit.js:1497:10)
        at _callCircusTest (/home/runner/work/PayD/PayD/source/backend/node_modules/jest-circus/build/jestAdapterInit.js:1007:40)
        at _runTest (/home/runner/work/PayD/PayD/source/backend/node_modules/jest-circus/build/jestAdapterInit.js:947:3)
        at /home/runner/work/PayD/PayD/source/backend/node_modules/jest-circus/build/jestAdapterInit.js:849:7
        at _runTestsForDescribeBlock (/home/runner/work/PayD/PayD/source/backend/node_modules/jest-circus/build/jestAdapterInit.js:862:11)
        at _runTestsForDescribeBlock (/home/runner/work/PayD/PayD/source/backend/node_modules/jest-circus/build/jestAdapterInit.js:857:11)
        at _runTestsForDescribeBlock (/home/runner/work/PayD/PayD/source/backend/node_modules/jest-circus/build/jestAdapterInit.js:857:11)
        at run (/home/runner/work/PayD/PayD/source/backend/node_modules/jest-circus/build/jestAdapterInit.js:761:3)
        at runAndTransformResultsToJestFormat (/home/runner/work/PayD/PayD/source/backend/node_modules/jest-circus/build/jestAdapterInit.js:1918:21)
        at jestAdapter (/home/runner/work/PayD/PayD/source/backend/node_modules/jest-circus/build/runner.js:101:19)
        at runTestInternal (/home/runner/work/PayD/PayD/source/backend/node_modules/jest-runner/build/index.js:275:16)
        at runTest (/home/runner/work/PayD/PayD/source/backend/node_modules/jest-runner/build/index.js:343:7)

    [0m [90m 200 |[39m       res[33m.[39mjson(result[33m.[39mrows[[35m0[39m])[33m;[39m
     [90m 201 |[39m     } [36mcatch[39m (error) {
    [31m[1m>[22m[39m[90m 202 |[39m       console[33m.[39merror([32m'[ContractEventController] Error fetching indexer status:'[39m[33m,[39m error)[33m;[39m
     [90m     |[39m               [31m[1m^[22m[39m
     [90m 203 |[39m       res[33m.[39mstatus([35m500[39m)[33m.[39mjson({ error[33m:[39m [32m'Internal server error'[39m })[33m;[39m
     [90m 204 |[39m     }
     [90m 205 |[39m   }[0m

      at Function.getIndexerStatus (src/controllers/contractEventController.ts:202:15)
      at Object.<anonymous> (src/controllers/__tests__/contractEventController.test.ts:218:7)

PASS src/controllers/__tests__/contractEventController.test.ts
  ContractEventController
    getEventsByContract
      ✓ should return paginated events for a contract (4 ms)
      ✓ should return 403 if user has no organization (1 ms)
      ✓ should apply filters correctly (1 ms)
    getAllEvents
      ✓ should return all events for organization (1 ms)
      ✓ should return 403 if user has no organization
    getIndexerStatus
      ✓ should return indexer status (1 ms)
      ✓ should return 404 if indexer state not found (1 ms)
      ✓ should handle errors (33 ms)

Test Suites: 1 passed, 1 total
Tests:       8 passed, 8 total
Snapshots:   0 total
Time:        2.834 s, estimated 3 s
Ran all test suites within paths "src/controllers/__tests__/contractEventController.test.ts".
Test results written to: ../../acceptance/fixed.json
